[09:50:30] === host ===
NVIDIA H100 80GB HBM3, 81559 MiB, 595.71.05
[09:50:30] python: /opt/conda/bin/python  (3.11.10)
/dev/rbd4       246G  7.0M  245G   1% /workspace
[09:50:30] === system packages ===
debconf: delaying package configuration, since apt-utils is not installed
[09:50:33] === clone ===
[09:50:34] at commit 9cbf951
[09:50:34] === python deps ===
WARNING: Running pip as the 'root' user can result in broken permissions and conflicting behaviour with the system package manager, possibly rendering your system unusable.It is recommended to use a virtual environment instead: https://pip.pypa.io/warnings/venv. Use the --root-user-action option if you know what you are doing and want to suppress this warning.
WARNING: Running pip as the 'root' user can result in broken permissions and conflicting behaviour with the system package manager, possibly rendering your system unusable. It is recommended to use a virtual environment instead: https://pip.pypa.io/warnings/venv. Use the --root-user-action option if you know what you are doing and want to suppress this warning.
[09:50:59] === flash-attention (prebuilt wheel, optional) ===
WARNING: Running pip as the 'root' user can result in broken permissions and conflicting behaviour with the system package manager, possibly rendering your system unusable. It is recommended to use a virtual environment instead: https://pip.pypa.io/warnings/venv. Use the --root-user-action option if you know what you are doing and want to suppress this warning.
  flash-attn 2.8.3 installed
[09:51:09] === sanity ===
  torch 2.5.1+cu124 cuda=True dev=NVIDIA H100 80GB HBM3
  transformers 5.17.0  datasets 5.0.1
  flash_attn 2.8.3
  hf user: Debk
[09:51:13] === offline tests (no downloads) ===
...................................                                      [100%]
35 passed, 1 deselected in 58.10s
[09:52:12] bootstrap complete (python: /opt/conda/bin/python)
[10:10:51] === host ===
NVIDIA H100 80GB HBM3, 81559 MiB, 595.71.05
[10:10:51] python: /opt/conda/bin/python  (3.11.10)
/dev/rbd4       246G   38G  208G  16% /workspace
[10:10:51] === system packages ===
debconf: delaying package configuration, since apt-utils is not installed
[10:11:24] === clone ===
[10:11:26] at commit af3eb96
[10:11:26] === python deps ===
WARNING: Running pip as the 'root' user can result in broken permissions and conflicting behaviour with the system package manager, possibly rendering your system unusable.It is recommended to use a virtual environment instead: https://pip.pypa.io/warnings/venv. Use the --root-user-action option if you know what you are doing and want to suppress this warning.
WARNING: Running pip as the 'root' user can result in broken permissions and conflicting behaviour with the system package manager, possibly rendering your system unusable. It is recommended to use a virtual environment instead: https://pip.pypa.io/warnings/venv. Use the --root-user-action option if you know what you are doing and want to suppress this warning.
[10:11:51] === flash-attention (prebuilt wheel, optional) ===
WARNING: Running pip as the 'root' user can result in broken permissions and conflicting behaviour with the system package manager, possibly rendering your system unusable. It is recommended to use a virtual environment instead: https://pip.pypa.io/warnings/venv. Use the --root-user-action option if you know what you are doing and want to suppress this warning.
  flash-attn 2.8.3 installed
[10:11:59] === sanity ===
  torch 2.5.1+cu124 cuda=True dev=NVIDIA H100 80GB HBM3
  transformers 5.17.0  datasets 5.0.1
  flash_attn 2.8.3
  hf user: Debk
[10:12:02] === offline tests (no downloads) ===
...................................                                      [100%]
35 passed, 1 deselected in 57.75s
[10:13:01] bootstrap complete (python: /opt/conda/bin/python)
[10:22:22] === host ===
NVIDIA H100 80GB HBM3, 81559 MiB, 595.71.05
[10:22:22] python: /opt/conda/bin/python  (3.11.10)
/dev/rbd4       246G   38G  208G  16% /workspace
[10:22:22] === system packages ===
debconf: delaying package configuration, since apt-utils is not installed
[10:22:25] === clone ===
[10:22:27] at commit 74ae388
[10:22:27] === python deps ===
WARNING: Running pip as the 'root' user can result in broken permissions and conflicting behaviour with the system package manager, possibly rendering your system unusable.It is recommended to use a virtual environment instead: https://pip.pypa.io/warnings/venv. Use the --root-user-action option if you know what you are doing and want to suppress this warning.
WARNING: Running pip as the 'root' user can result in broken permissions and conflicting behaviour with the system package manager, possibly rendering your system unusable. It is recommended to use a virtual environment instead: https://pip.pypa.io/warnings/venv. Use the --root-user-action option if you know what you are doing and want to suppress this warning.
[10:22:52] === flash-attention (prebuilt wheel, optional) ===
WARNING: Running pip as the 'root' user can result in broken permissions and conflicting behaviour with the system package manager, possibly rendering your system unusable. It is recommended to use a virtual environment instead: https://pip.pypa.io/warnings/venv. Use the --root-user-action option if you know what you are doing and want to suppress this warning.
  flash-attn 2.8.3 installed
[10:23:00] === sanity ===
  torch 2.5.1+cu124 cuda=True dev=NVIDIA H100 80GB HBM3
  transformers 5.17.0  datasets 5.0.1
  flash_attn 2.8.3
  hf user: Debk
[10:23:03] === offline tests (no downloads) ===
...................................                                      [100%]
35 passed, 1 deselected in 58.85s
[10:24:03] bootstrap complete (python: /opt/conda/bin/python)
