[2026-09-13_03:58:58] watchdog started (interval 3600s, pid 17949)
[2026-09-13_03:59:04] OK | procs=1/0 | gpu=[0 %, 0 MiB] | log_age=0s | validator=WARN | failed=0
0 | push=pushed | complete=no | 
    [03:58:58] VALIDATE_V2 WARN: 13 ok, 3 warn, 0 fail, 0 FAILED-in-state
    [03:58:58]   WARN legacy/gpt2_small: dtype not recorded
    [03:58:58]   WARN legacy/mistral_7b_v0_1: dtype not recorded
    [03:58:58]   WARN legacy/qwen3_8b: dtype not recorded
    [03:58:58]   INFO legacy/mistral_7b_v0_1: NOT REPRODUCED -- do not use for transfer (a finding, not an error)
    [03:58:58]   INFO legacy/qwen3_8b: NOT REPRODUCED -- do not use for transfer (a finding, not an error)
    [03:58:58]   INFO legacy/qwen3_8b-fp16: NOT REPRODUCED -- do not use for transfer (a finding, not an error)
[2026-09-13_04:00:26] watchdog started (interval 3600s, pid 19760)
[2026-09-13_04:02:25] watchdog started (interval 3600s, pid 15350)
[2026-09-13_04:02:32] OK | procs=1/0 | gpu=[0 %, 0 MiB] | log_age=0s | validator=PASS | failed=0 | push=pushed | complete=no | 
    [04:02:25] VALIDATE_V2 PASS: 16 ok, 0 warn, 0 fail, 0 FAILED-in-state
    [04:02:25]   INFO legacy/mistral_7b_v0_1: NOT REPRODUCED -- do not use for transfer (a finding, not an error)
    [04:02:25]   INFO legacy/qwen3_8b: NOT REPRODUCED -- do not use for transfer (a finding, not an error)
    [04:02:25]   INFO legacy/qwen3_8b-fp16: NOT REPRODUCED -- do not use for transfer (a finding, not an error)
    [04:02:25]   INFO legacy/mistral_7b_v0_1: NOT REPRODUCED -- do not use for transfer (a finding, not an error)
    [04:02:25]   INFO legacy/qwen3_8b: NOT REPRODUCED -- do not use for transfer (a finding, not an error)
[2026-09-13_04:32:29] watchdog started (interval 3600s, pid 15322)
[2026-09-13_04:38:27] watchdog started (interval 3600s, pid 15314)
[2026-09-13_04:42:44] watchdog started (interval 3600s, pid 15314)
[2026-09-13_04:48:11] watchdog started (interval 3600s, pid 15312)
[2026-09-13_04:53:55] watchdog started (interval 3600s, pid 15313)
[2026-09-13_05:00:01] watchdog started (interval 3600s, pid 15314)
[2026-09-13_05:11:07] watchdog started (interval 3600s, pid 15313)
[2026-09-13_05:11:07] OK | procs=1/0 | gpu=[0 %, 0 MiB] | log_age=0s | validator=PASS | failed=0 | push=no-change | complete=full DONE failed=0
0 | 
    [05:11:07] VALIDATE_V2 PASS: 26 ok, 0 warn, 0 fail, 0 FAILED-in-state
    [05:11:07]   INFO legacy/mistral_7b_v0_1: NOT REPRODUCED -- do not use for transfer (a finding, not an error)
    [05:11:07]   INFO legacy/qwen3_8b: NOT REPRODUCED -- do not use for transfer (a finding, not an error)
    [05:11:07]   INFO legacy/qwen3_8b-fp16: NOT REPRODUCED -- do not use for transfer (a finding, not an error)
    [05:11:07]   INFO legacy/mistral_7b_v0_1: NOT REPRODUCED -- do not use for transfer (a finding, not an error)
    [05:11:07]   INFO legacy/qwen3_8b: NOT REPRODUCED -- do not use for transfer (a finding, not an error)
    [05:11:07]   INFO legacy/qwen3_8b-fp16: NOT REPRODUCED -- do not use for transfer (a finding, not an error)
[2026-09-13_05:11:07] run complete; watchdog exiting after final push
[2026-09-13_07:54:54] watchdog started (interval 3600s, pid 17599)
[2026-09-13_07:55:01] OK | procs=1/0 | gpu=[0 %, 0 MiB] | log_age=0s | validator=PASS | failed=0 | push=pushed | complete=full DONE failed=0
0 | 
    [07:54:54] VALIDATE_V2 PASS: 13 ok, 0 warn, 0 fail, 0 FAILED-in-state
    [07:54:54]   INFO legacy/mistral_7b_v0_1: NOT REPRODUCED -- do not use for transfer (a finding, not an error)
    [07:54:54]   INFO legacy/qwen3_8b: NOT REPRODUCED -- do not use for transfer (a finding, not an error)
    [07:54:54]   INFO legacy/qwen3_8b-fp16: NOT REPRODUCED -- do not use for transfer (a finding, not an error)
[2026-09-13_07:55:01] run complete; watchdog exiting after final push
[2026-09-13_08:13:01] watchdog started (interval 3600s, pid 21503)
[2026-09-13_08:13:07] OK | procs=1/0 | gpu=[0 %, 0 MiB] | log_age=0s | validator=PASS | failed=0 | push=pushed | complete=no | 
    [08:13:01] VALIDATE_V2 PASS: 13 ok, 0 warn, 0 fail, 0 FAILED-in-state
    [08:13:01]   INFO legacy/mistral_7b_v0_1: NOT REPRODUCED -- do not use for transfer (a finding, not an error)
    [08:13:01]   INFO legacy/qwen3_8b: NOT REPRODUCED -- do not use for transfer (a finding, not an error)
    [08:13:01]   INFO legacy/qwen3_8b-fp16: NOT REPRODUCED -- do not use for transfer (a finding, not an error)
[2026-09-13_08:17:22] watchdog started (interval 3600s, pid 17563)
[2026-09-13_08:17:29] OK | procs=1/0 | gpu=[0 %, 0 MiB] | log_age=0s | validator=PASS | failed=0 | push=pushed | complete=no | 
    [08:17:22] VALIDATE_V2 PASS: 13 ok, 0 warn, 0 fail, 0 FAILED-in-state
    [08:17:22]   INFO legacy/mistral_7b_v0_1: NOT REPRODUCED -- do not use for transfer (a finding, not an error)
    [08:17:22]   INFO legacy/qwen3_8b: NOT REPRODUCED -- do not use for transfer (a finding, not an error)
    [08:17:22]   INFO legacy/qwen3_8b-fp16: NOT REPRODUCED -- do not use for transfer (a finding, not an error)
[2026-09-13_09:17:23] watchdog started (interval 3600s, pid 17524)
[2026-09-13_09:17:30] OK | procs=1/0 | gpu=[0 %, 0 MiB] | log_age=0s | validator=PASS | failed=0 | push=pushed | complete=no | 
    [09:17:23] VALIDATE_V2 PASS: 19 ok, 0 warn, 0 fail, 0 FAILED-in-state
    [09:17:23]   INFO legacy/mistral_7b_v0_1: NOT REPRODUCED -- do not use for transfer (a finding, not an error)
    [09:17:23]   INFO legacy/qwen3_8b: NOT REPRODUCED -- do not use for transfer (a finding, not an error)
    [09:17:23]   INFO legacy/qwen3_8b-fp16: NOT REPRODUCED -- do not use for transfer (a finding, not an error)
    [09:17:23]   INFO directional/qwen3_8b: zero harmful flips at every site (vs_harmful correlations undefined by design)
