[2026-09-10_08:19:32] ===== MODE=smoke  flags:--smoke --device cuda --attn flash_attention_2 =====
NVIDIA H100 80GB HBM3, 81559 MiB
[2026-09-10_08:19:32] --- Stage A: adapter and pipeline checks (all models) ---
[2026-09-10_08:19:32] >>> e0/M1
[2026-09-10_08:19:46] <<< e0/M1 FAILED in 14s -- see results/_logs/e0_M1.log
        return self._call_impl(*args, **kwargs)
               ^^^^^^^^^^^^^^^^^^^^^^^^^^^^^^^^
      File "/opt/conda/lib/python3.11/site-packages/torch/nn/modules/module.py", line 1747, in _call_impl
        return forward_call(*args, **kwargs)
               ^^^^^^^^^^^^^^^^^^^^^^^^^^^^^
      File "/opt/conda/lib/python3.11/site-packages/transformers/models/gpt2/modeling_gpt2.py", line 211, in forward
        attn_output, attn_weights = attention_interface(
                                    ^^^^^^^^^^^^^^^^^^^^
      File "/opt/conda/lib/python3.11/site-packages/transformers/integrations/flash_attention.py", line 71, in flash_attention_forward
        target_dtype = get_target_dtype(query, module)
                       ^^^^^^^^^^^^^^^^^^^^^^^^^^^^^^^
      File "/opt/conda/lib/python3.11/site-packages/transformers/integrations/flash_attention.py", line 22, in get_target_dtype
        return next(layer for layer in module.modules() if isinstance(layer, torch.nn.Linear)).weight.dtype
               ^^^^^^^^^^^^^^^^^^^^^^^^^^^^^^^^^^^^^^^^^^^^^^^^^^^^^^^^^^^^^^^^^^^^^^^^^^^^^^^
    StopIteration
[2026-09-10_08:19:53] >>> e0/M6
[2026-09-10_08:20:17] <<< e0/M6 FAILED in 24s -- see results/_logs/e0_M6.log
        return self._call_impl(*args, **kwargs)
               ^^^^^^^^^^^^^^^^^^^^^^^^^^^^^^^^
      File "/opt/conda/lib/python3.11/site-packages/torch/nn/modules/module.py", line 1747, in _call_impl
        return forward_call(*args, **kwargs)
               ^^^^^^^^^^^^^^^^^^^^^^^^^^^^^
      File "/opt/conda/lib/python3.11/site-packages/transformers/models/gpt2/modeling_gpt2.py", line 211, in forward
        attn_output, attn_weights = attention_interface(
                                    ^^^^^^^^^^^^^^^^^^^^
      File "/opt/conda/lib/python3.11/site-packages/transformers/integrations/flash_attention.py", line 71, in flash_attention_forward
        target_dtype = get_target_dtype(query, module)
                       ^^^^^^^^^^^^^^^^^^^^^^^^^^^^^^^
      File "/opt/conda/lib/python3.11/site-packages/transformers/integrations/flash_attention.py", line 22, in get_target_dtype
        return next(layer for layer in module.modules() if isinstance(layer, torch.nn.Linear)).weight.dtype
               ^^^^^^^^^^^^^^^^^^^^^^^^^^^^^^^^^^^^^^^^^^^^^^^^^^^^^^^^^^^^^^^^^^^^^^^^^^^^^^^
    StopIteration
[2026-09-10_08:20:24] >>> e0/M7
[2026-09-10_08:25:10] <<< e0/M7 ok in 286s
[2026-09-10_08:28:11] ===== MODE=smoke  flags:--smoke --device cuda --attn flash_attention_2 =====
NVIDIA H100 80GB HBM3, 81559 MiB
[2026-09-10_08:28:11] --- Stage A: adapter and pipeline checks (all models) ---
[2026-09-10_08:28:11] >>> e0/M1
[2026-09-10_08:29:20] <<< e0/M1 ok in 69s
[2026-09-10_08:49:21] ===== MODE=smoke  flags:--smoke --device cuda --attn flash_attention_2 =====
NVIDIA H100 80GB HBM3, 81559 MiB
[2026-09-10_08:49:21] --- Stage A: adapter and pipeline checks (all models) ---
[2026-09-10_08:49:21] >>> e0/M1
[2026-09-10_08:50:26] <<< e0/M1 ok in 65s
[2026-09-10_08:50:29] >>> e0/M6
[2026-09-10_08:51:56] <<< e0/M6 ok in 87s
[2026-09-10_08:52:00] >>> e0/M7
[2026-09-10_08:54:44] <<< e0/M7 ok in 164s
[2026-09-10_08:54:47] >>> e0/M2
[2026-09-10_08:56:50] <<< e0/M2 ok in 123s
[2026-09-10_08:56:54] >>> e0/M3
[2026-09-10_09:01:24] <<< e0/M3 ok in 270s
[2026-09-10_09:01:27] >>> e0/M4
[2026-09-10_09:05:33] <<< e0/M4 ok in 246s
[2026-09-10_09:05:36] >>> e0/M5
[2026-09-10_09:10:05] <<< e0/M5 ok in 269s
[2026-09-10_09:10:08] --- Stage B: quantization x subgroup outcomes (all models) ---
[2026-09-10_09:10:08] >>> e1/M1
[2026-09-10_09:10:55] <<< e1/M1 ok in 47s
[2026-09-10_09:10:58] >>> e1/M6
[2026-09-10_09:12:13] <<< e1/M6 ok in 75s
[2026-09-10_09:12:16] >>> e1/M7
[2026-09-10_09:16:07] <<< e1/M7 ok in 231s
[2026-09-10_09:16:11] >>> e1/M2
[2026-09-10_09:18:38] <<< e1/M2 ok in 147s
[2026-09-10_09:18:41] >>> e1/M3
[2026-09-10_09:25:33] <<< e1/M3 ok in 412s
[2026-09-10_09:25:38] >>> e1/M4
[2026-09-10_09:32:06] <<< e1/M4 ok in 388s
[2026-09-10_09:52:14] ===== MODE=full  flags:--profile budget --device cuda --attn flash_attention_2 =====
NVIDIA H100 80GB HBM3, 81559 MiB
[2026-09-10_09:52:14] --- Stage A: adapter and pipeline checks (all models) ---
[2026-09-10_09:52:14] >>> e0/M1
[2026-09-10_09:53:21] <<< e0/M1 ok in 67s
